


ARM Macro Assembler    Page 1 


    1 00000000                 AREA             RESET,DATA,READONLY
    2 00000000                 EXPORT           __Vectors
    3 00000000         
    4 00000000         __Vectors
    5 00000000 10001000        DCD              0x10001000
    6 00000004 00000000        DCD              Reset_Handler
    7 00000008                 ALIGN
    8 00000008                 AREA             mycode,CODE,READONLY
    9 00000000                 ENTRY
   10 00000000                 EXPORT           Reset_Handler
   11 00000000         Reset_Handler
   12 00000000 4811            LDR              R0,=N1
   13 00000002 4912            LDR              R1,=N2
   14 00000004 4C12            LDR              R4,=DST
   15 00000006 F04F 0504       MOV              R5,#4
   16 0000000A F04F 36FF       LDR              R6, =0xFFFFFFFF
   17 0000000E F386 8803       MSR              XPSR ,R6
   18 00000012 F850 2B04 
                       up      LDR              R2, [R0], #4
   19 00000016 F851 3B04       LDR              R3, [R1], #4
   20 0000001A 419A            SBCS             R2, R2, R3
   21 0000001C F844 2B04       STR              R2, [R4], #4
   22 00000020 3D01            SUBS             R5, #1
   23 00000022 D1F6            BNE              up
   24 00000024         STOP
   25 00000024 E7FE            B                STOP
   26 00000026 00 00 00000005 
              00000005 
              00000005 
              00000005 N1      DCD              0x00000005,0x00000005,0x0000000
5,0x00000005
   27 00000038 00000005 
              00000004 
              00000003 
              00000002 N2      DCD              0x00000005,0x00000004,0x0000000
3,0x00000002
   28 00000048 00000000 
              00000000 
              00000000         AREA             mydata, DATA, READWRITE
   29 00000000 00000000 
                       DST     DCD              0
   30 00000004                 END
Command Line: --debug --xref --cpu=Cortex-M3 --apcs=interwork --depend=.\w2p4.d
 -o.\w2p4.o -IC:\Keil\ARM\RV31\INC -IC:\Keil\ARM\CMSIS\Include -IC:\Keil\ARM\In
c\NXP\LPC17xx --predefine="__EVAL SETA 1" --list=.\w2p4.lst w2p4.s



ARM Macro Assembler    Page 1 Alphabetic symbol ordering
Relocatable symbols

RESET 00000000

Symbol: RESET
   Definitions
      At line 1 in file w2p4.s
   Uses
      None
Comment: RESET unused
__Vectors 00000000

Symbol: __Vectors
   Definitions
      At line 4 in file w2p4.s
   Uses
      At line 2 in file w2p4.s
Comment: __Vectors used once
2 symbols



ARM Macro Assembler    Page 1 Alphabetic symbol ordering
Relocatable symbols

N1 00000028

Symbol: N1
   Definitions
      At line 26 in file w2p4.s
   Uses
      At line 12 in file w2p4.s
Comment: N1 used once
N2 00000038

Symbol: N2
   Definitions
      At line 27 in file w2p4.s
   Uses
      At line 13 in file w2p4.s
Comment: N2 used once
Reset_Handler 00000000

Symbol: Reset_Handler
   Definitions
      At line 11 in file w2p4.s
   Uses
      At line 6 in file w2p4.s
      At line 10 in file w2p4.s

STOP 00000024

Symbol: STOP
   Definitions
      At line 24 in file w2p4.s
   Uses
      At line 25 in file w2p4.s
Comment: STOP used once
mycode 00000000

Symbol: mycode
   Definitions
      At line 8 in file w2p4.s
   Uses
      None
Comment: mycode unused
up 00000012

Symbol: up
   Definitions
      At line 18 in file w2p4.s
   Uses
      At line 23 in file w2p4.s
Comment: up used once
6 symbols



ARM Macro Assembler    Page 1 Alphabetic symbol ordering
Relocatable symbols

DST 00000000

Symbol: DST
   Definitions
      At line 29 in file w2p4.s
   Uses
      At line 14 in file w2p4.s
Comment: DST used once
mydata 00000000

Symbol: mydata
   Definitions
      At line 28 in file w2p4.s
   Uses
      None
Comment: mydata unused
2 symbols
343 symbols in table
