


ARM Macro Assembler    Page 1 


    1 00000000                 AREA             RESET,DATA,READONLY
    2 00000000                 EXPORT           __Vectors
    3 00000000         
    4 00000000         __Vectors
    5 00000000 10001000        DCD              0x10001000
    6 00000004 00000000        DCD              Reset_Handler
    7 00000008                 ALIGN
    8 00000008                 AREA             mycode,CODE,READONLY
    9 00000000                 ENTRY
   10 00000000                 EXPORT           Reset_Handler
   11 00000000         Reset_Handler
   12 00000000 480A            LDR              R0, =N1
   13 00000002 490B            LDR              R1, =N2
   14 00000004 6802            LDR              R2, [R0]
   15 00000006 680B            LDR              R3, [R1]
   16 00000008 F04F 0400       MOV              R4, #0
   17 0000000C 4D09            LDR              R5, =DST
   18 0000000E 429A    up      CMP              R2, R3
   19 00000010 D304            BCC              store
   20 00000012 EBA2 0203       SUB              R2, R3
   21 00000016 F104 0401       ADD              R4, #1
   22 0000001A E7F8            B                up
   23 0000001C         
   24 0000001C F845 4B04 
                       store   STR              R4,[R5],#4
   25 00000020 602A            STR              R2,[R5]
   26 00000022         STOP
   27 00000022 E7FE            B                STOP
   28 00000024 00000009 
                       N1      DCD              0X00000009
   29 00000028 00000004 
                       N2      DCD              0X00000004
   30 0000002C 00000000 
              00000000 
              00000000         AREA             data,DATA,READWRITE
   31 00000000 00000000 
                       DST     DCD              0x00000000
   32 00000004                 END
Command Line: --debug --xref --cpu=Cortex-M3 --apcs=interwork --depend=.\q2.d -
o.\q2.o -IC:\Keil\ARM\RV31\INC -IC:\Keil\ARM\CMSIS\Include -IC:\Keil\ARM\Inc\NX
P\LPC17xx --predefine="__EVAL SETA 1" --list=.\q2.lst q2.s



ARM Macro Assembler    Page 1 Alphabetic symbol ordering
Relocatable symbols

RESET 00000000

Symbol: RESET
   Definitions
      At line 1 in file q2.s
   Uses
      None
Comment: RESET unused
__Vectors 00000000

Symbol: __Vectors
   Definitions
      At line 4 in file q2.s
   Uses
      At line 2 in file q2.s
Comment: __Vectors used once
2 symbols



ARM Macro Assembler    Page 1 Alphabetic symbol ordering
Relocatable symbols

N1 00000024

Symbol: N1
   Definitions
      At line 28 in file q2.s
   Uses
      At line 12 in file q2.s
Comment: N1 used once
N2 00000028

Symbol: N2
   Definitions
      At line 29 in file q2.s
   Uses
      At line 13 in file q2.s
Comment: N2 used once
Reset_Handler 00000000

Symbol: Reset_Handler
   Definitions
      At line 11 in file q2.s
   Uses
      At line 6 in file q2.s
      At line 10 in file q2.s

STOP 00000022

Symbol: STOP
   Definitions
      At line 26 in file q2.s
   Uses
      At line 27 in file q2.s
Comment: STOP used once
mycode 00000000

Symbol: mycode
   Definitions
      At line 8 in file q2.s
   Uses
      None
Comment: mycode unused
store 0000001C

Symbol: store
   Definitions
      At line 24 in file q2.s
   Uses
      At line 19 in file q2.s
Comment: store used once
up 0000000E

Symbol: up
   Definitions
      At line 18 in file q2.s
   Uses
      At line 22 in file q2.s
Comment: up used once
7 symbols



ARM Macro Assembler    Page 1 Alphabetic symbol ordering
Relocatable symbols

DST 00000000

Symbol: DST
   Definitions
      At line 31 in file q2.s
   Uses
      At line 17 in file q2.s
Comment: DST used once
data 00000000

Symbol: data
   Definitions
      At line 30 in file q2.s
   Uses
      None
Comment: data unused
2 symbols
344 symbols in table
