<html>
<body>
<pre>
<h1>µVision Build Log</h1>
<h2>Project:</h2>
D:\6_B1\week5\week5.uvproj
Project File Date:  02/04/2020

<h2>Output:</h2>
Build target 'Target 1'
linking...
Program Size: Code=92 RO-data=8 RW-data=4 ZI-data=0  
".\week5.axf" - 0 Error(s), 0 Warning(s).
ize: Code=92 RO-data=8 RW-data=4 ZI-data=0  
".\week5.axf" - 0 Error(s), 1 Warning(s).
ng: A1447W: Missing END directive at end of file, but found a label named END
".\week5.axf" - 2 Error(s), 1 Warning(s).
Target not created
5.axf" - 3 Error(s), 1 Warning(s).
Target not created
rning: A1447W: Missing END directive at end of file, but found a label named END
".\week5.axf" - 5 Error(s), 1 Warning(s).
Target not created
